Archive member included to satisfy reference by file (symbol)

C:/STM32CubeIDE_1.15.1/STM32CubeIDE/plugins/com.st.stm32cube.ide.mcu.externaltools.gnu-tools-for-stm32.12.3.rel1.win32_1.0.100.202403111256/tools/bin/../lib/gcc/arm-none-eabi/12.3.1/../../../../arm-none-eabi/lib/thumb/v7e-m+fp/hard\libc_nano.a(libc_a-exit.o)
                              C:/STM32CubeIDE_1.15.1/STM32CubeIDE/plugins/com.st.stm32cube.ide.mcu.externaltools.gnu-tools-for-stm32.12.3.rel1.win32_1.0.100.202403111256/tools/bin/../lib/gcc/arm-none-eabi/12.3.1/../../../../arm-none-eabi/lib/thumb/v7e-m+fp/hard/crt0.o (exit)
C:/STM32CubeIDE_1.15.1/STM32CubeIDE/plugins/com.st.stm32cube.ide.mcu.externaltools.gnu-tools-for-stm32.12.3.rel1.win32_1.0.100.202403111256/tools/bin/../lib/gcc/arm-none-eabi/12.3.1/../../../../arm-none-eabi/lib/thumb/v7e-m+fp/hard\libc_nano.a(libc_a-findfp.o)
                              C:/STM32CubeIDE_1.15.1/STM32CubeIDE/plugins/com.st.stm32cube.ide.mcu.externaltools.gnu-tools-for-stm32.12.3.rel1.win32_1.0.100.202403111256/tools/bin/../lib/gcc/arm-none-eabi/12.3.1/../../../../arm-none-eabi/lib/thumb/v7e-m+fp/hard\libc_nano.a(libc_a-exit.o) (__stdio_exit_handler)
C:/STM32CubeIDE_1.15.1/STM32CubeIDE/plugins/com.st.stm32cube.ide.mcu.externaltools.gnu-tools-for-stm32.12.3.rel1.win32_1.0.100.202403111256/tools/bin/../lib/gcc/arm-none-eabi/12.3.1/../../../../arm-none-eabi/lib/thumb/v7e-m+fp/hard\libc_nano.a(libc_a-fwalk.o)
                              C:/STM32CubeIDE_1.15.1/STM32CubeIDE/plugins/com.st.stm32cube.ide.mcu.externaltools.gnu-tools-for-stm32.12.3.rel1.win32_1.0.100.202403111256/tools/bin/../lib/gcc/arm-none-eabi/12.3.1/../../../../arm-none-eabi/lib/thumb/v7e-m+fp/hard\libc_nano.a(libc_a-findfp.o) (_fwalk_sglue)
C:/STM32CubeIDE_1.15.1/STM32CubeIDE/plugins/com.st.stm32cube.ide.mcu.externaltools.gnu-tools-for-stm32.12.3.rel1.win32_1.0.100.202403111256/tools/bin/../lib/gcc/arm-none-eabi/12.3.1/../../../../arm-none-eabi/lib/thumb/v7e-m+fp/hard\libc_nano.a(libc_a-stdio.o)
                              C:/STM32CubeIDE_1.15.1/STM32CubeIDE/plugins/com.st.stm32cube.ide.mcu.externaltools.gnu-tools-for-stm32.12.3.rel1.win32_1.0.100.202403111256/tools/bin/../lib/gcc/arm-none-eabi/12.3.1/../../../../arm-none-eabi/lib/thumb/v7e-m+fp/hard\libc_nano.a(libc_a-findfp.o) (__sread)
C:/STM32CubeIDE_1.15.1/STM32CubeIDE/plugins/com.st.stm32cube.ide.mcu.externaltools.gnu-tools-for-stm32.12.3.rel1.win32_1.0.100.202403111256/tools/bin/../lib/gcc/arm-none-eabi/12.3.1/../../../../arm-none-eabi/lib/thumb/v7e-m+fp/hard\libc_nano.a(libc_a-memset.o)
                              C:/STM32CubeIDE_1.15.1/STM32CubeIDE/plugins/com.st.stm32cube.ide.mcu.externaltools.gnu-tools-for-stm32.12.3.rel1.win32_1.0.100.202403111256/tools/bin/../lib/gcc/arm-none-eabi/12.3.1/../../../../arm-none-eabi/lib/thumb/v7e-m+fp/hard/crt0.o (memset)
C:/STM32CubeIDE_1.15.1/STM32CubeIDE/plugins/com.st.stm32cube.ide.mcu.externaltools.gnu-tools-for-stm32.12.3.rel1.win32_1.0.100.202403111256/tools/bin/../lib/gcc/arm-none-eabi/12.3.1/../../../../arm-none-eabi/lib/thumb/v7e-m+fp/hard\libc_nano.a(libc_a-closer.o)
                              C:/STM32CubeIDE_1.15.1/STM32CubeIDE/plugins/com.st.stm32cube.ide.mcu.externaltools.gnu-tools-for-stm32.12.3.rel1.win32_1.0.100.202403111256/tools/bin/../lib/gcc/arm-none-eabi/12.3.1/../../../../arm-none-eabi/lib/thumb/v7e-m+fp/hard\libc_nano.a(libc_a-stdio.o) (_close_r)
C:/STM32CubeIDE_1.15.1/STM32CubeIDE/plugins/com.st.stm32cube.ide.mcu.externaltools.gnu-tools-for-stm32.12.3.rel1.win32_1.0.100.202403111256/tools/bin/../lib/gcc/arm-none-eabi/12.3.1/../../../../arm-none-eabi/lib/thumb/v7e-m+fp/hard\libc_nano.a(libc_a-reent.o)
                              C:/STM32CubeIDE_1.15.1/STM32CubeIDE/plugins/com.st.stm32cube.ide.mcu.externaltools.gnu-tools-for-stm32.12.3.rel1.win32_1.0.100.202403111256/tools/bin/../lib/gcc/arm-none-eabi/12.3.1/../../../../arm-none-eabi/lib/thumb/v7e-m+fp/hard\libc_nano.a(libc_a-closer.o) (errno)
C:/STM32CubeIDE_1.15.1/STM32CubeIDE/plugins/com.st.stm32cube.ide.mcu.externaltools.gnu-tools-for-stm32.12.3.rel1.win32_1.0.100.202403111256/tools/bin/../lib/gcc/arm-none-eabi/12.3.1/../../../../arm-none-eabi/lib/thumb/v7e-m+fp/hard\libc_nano.a(libc_a-impure.o)
                              C:/STM32CubeIDE_1.15.1/STM32CubeIDE/plugins/com.st.stm32cube.ide.mcu.externaltools.gnu-tools-for-stm32.12.3.rel1.win32_1.0.100.202403111256/tools/bin/../lib/gcc/arm-none-eabi/12.3.1/../../../../arm-none-eabi/lib/thumb/v7e-m+fp/hard\libc_nano.a(libc_a-reent.o) (_impure_ptr)
C:/STM32CubeIDE_1.15.1/STM32CubeIDE/plugins/com.st.stm32cube.ide.mcu.externaltools.gnu-tools-for-stm32.12.3.rel1.win32_1.0.100.202403111256/tools/bin/../lib/gcc/arm-none-eabi/12.3.1/../../../../arm-none-eabi/lib/thumb/v7e-m+fp/hard\libc_nano.a(libc_a-lseekr.o)
[...]
Memory Configuration

Name             Origin             Length             Attributes
RAM              0x20000000         0x00018000         xrw
SRAM2            0x10000000         0x00008000         xrw
FLASH            0x08000000         0x00100000         xr
*default*        0x00000000         0xffffffff

Linker script and memory map

LOAD C:/STM32CubeIDE_1.15.1/STM32CubeIDE/plugins/com.st.stm32cube.ide.mcu.externaltools.gnu-tools-for-stm32.12.3.rel1.win32_1.0.100.202403111256/tools/bin/../lib/gcc/arm-none-eabi/12.3.1/thumb/v7e-m+fp/hard/crti.o
LOAD C:/STM32CubeIDE_1.15.1/STM32CubeIDE/plugins/com.st.stm32cube.ide.mcu.externaltools.gnu-tools-for-stm32.12.3.rel1.win32_1.0.100.202403111256/tools/bin/../lib/gcc/arm-none-eabi/12.3.1/thumb/v7e-m+fp/hard/crtbegin.o
LOAD C:/STM32CubeIDE_1.15.1/STM32CubeIDE/plugins/com.st.stm32cube.ide.mcu.externaltools.gnu-tools-for-stm32.12.3.rel1.win32_1.0.100.202403111256/tools/bin/../lib/gcc/arm-none-eabi/12.3.1/../../../../arm-none-eabi/lib/thumb/v7e-m+fp/hard/crt0.o
LOAD ./Src/spi_cmd.o
LOAD ./Src/syscalls.o
LOAD ./Src/sysmem.o
LOAD ./Startup/startup_stm32l476rgtx.o
LOAD ./drivers/Src/stm32l476xx_gpio_driver.o
LOAD ./drivers/Src/stm32l476xx_spi_driver.o
START GROUP
LOAD C:/STM32CubeIDE_1.15.1/STM32CubeIDE/plugins/com.st.stm32cube.ide.mcu.externaltools.gnu-tools-for-stm32.12.3.rel1.win32_1.0.100.202403111256/tools/bin/../lib/gcc/arm-none-eabi/12.3.1/../../../../arm-none-eabi/lib/thumb/v7e-m+fp/hard\libc_nano.a
LOAD C:/STM32CubeIDE_1.15.1/STM32CubeIDE/plugins/com.st.stm32cube.ide.mcu.externaltools.gnu-tools-for-stm32.12.3.rel1.win32_1.0.100.202403111256/tools/bin/../lib/gcc/arm-none-eabi/12.3.1/../../../../arm-none-eabi/lib/thumb/v7e-m+fp/hard\libm.a
END GROUP
START GROUP
LOAD C:/STM32CubeIDE_1.15.1/STM32CubeIDE/plugins/com.st.stm32cube.ide.mcu.externaltools.gnu-tools-for-stm32.12.3.rel1.win32_1.0.100.202403111256/tools/bin/../lib/gcc/arm-none-eabi/12.3.1/thumb/v7e-m+fp/hard\libgcc.a
LOAD C:/STM32CubeIDE_1.15.1/STM32CubeIDE/plugins/com.st.stm32cube.ide.mcu.externaltools.gnu-tools-for-stm32.12.3.rel1.win32_1.0.100.202403111256/tools/bin/../lib/gcc/arm-none-eabi/12.3.1/../../../../arm-none-eabi/lib/thumb/v7e-m+fp/hard\libc_nano.a
END GROUP
START GROUP
LOAD C:/STM32CubeIDE_1.15.1/STM32CubeIDE/plugins/com.st.stm32cube.ide.mcu.externaltools.gnu-tools-for-stm32.12.3.rel1.win32_1.0.100.202403111256/tools/bin/../lib/gcc/arm-none-eabi/12.3.1/thumb/v7e-m+fp/hard\libgcc.a
LOAD C:/STM32CubeIDE_1.15.1/STM32CubeIDE/plugins/com.st.stm32cube.ide.mcu.externaltools.gnu-tools-for-stm32.12.3.rel1.win32_1.0.100.202403111256/tools/bin/../lib/gcc/arm-none-eabi/12.3.1/../../../../arm-none-eabi/lib/thumb/v7e-m+fp/hard\libc_nano.a
LOAD C:/STM32CubeIDE_1.15.1/STM32CubeIDE/plugins/com.st.stm32cube.ide.mcu.externaltools.gnu-tools-for-stm32.12.3.rel1.win32_1.0.100.202403111256/tools/bin/../lib/gcc/arm-none-eabi/12.3.1/../../../../arm-none-eabi/lib/thumb/v7e-m+fp/hard\libnosys.a
END GROUP
START GROUP
LOAD C:/STM32CubeIDE_1.15.1/STM32CubeIDE/plugins/com.st.stm32cube.ide.mcu.externaltools.gnu-tools-for-stm32.12.3.rel1.win32_1.0.100.202403111256/tools/bin/../lib/gcc/arm-none-eabi/12.3.1/thumb/v7e-m+fp/hard\libgcc.a
LOAD C:/STM32CubeIDE_1.15.1/STM32CubeIDE/plugins/com.st.stm32cube.ide.mcu.externaltools.gnu-tools-for-stm32.12.3.rel1.win32_1.0.100.202403111256/tools/bin/../lib/gcc/arm-none-eabi/12.3.1/../../../../arm-none-eabi/lib/thumb/v7e-m+fp/hard\libc_nano.a
LOAD C:/STM32CubeIDE_1.15.1/STM32CubeIDE/plugins/com.st.stm32cube.ide.mcu.externaltools.gnu-tools-for-stm32.12.3.rel1.win32_1.0.100.202403111256/tools/bin/../lib/gcc/arm-none-eabi/12.3.1/../../../../arm-none-eabi/lib/thumb/v7e-m+fp/hard\libnosys.a
END GROUP
LOAD C:/STM32CubeIDE_1.15.1/STM32CubeIDE/plugins/com.st.stm32cube.ide.mcu.externaltools.gnu-tools-for-stm32.12.3.rel1.win32_1.0.100.202403111256/tools/bin/../lib/gcc/arm-none-eabi/12.3.1/thumb/v7e-m+fp/hard/crtend.o
LOAD C:/STM32CubeIDE_1.15.1/STM32CubeIDE/plugins/com.st.stm32cube.ide.mcu.externaltools.gnu-tools-for-stm32.12.3.rel1.win32_1.0.100.202403111256/tools/bin/../lib/gcc/arm-none-eabi/12.3.1/thumb/v7e-m+fp/hard/crtn.o
                0x20018000                        _estack = (ORIGIN (RAM) + LENGTH (RAM))
                0x00000200                        _Min_Heap_Size = 0x200
                0x00000400                        _Min_Stack_Size = 0x400

.isr_vector     0x08000000      0x184
                0x08000000                        . = ALIGN (0x4)
 *(.isr_vector)
 .isr_vector    0x08000000      0x184 ./Startup/startup_stm32l476rgtx.o
                0x08000000                g_pfnVectors
                0x08000184                        . = ALIGN (0x4)

.text           0x08000184      0xf6c
                0x08000184                        . = ALIGN (0x4)
 *(.text)
 .text          0x08000184       0x40 C:/STM32CubeIDE_1.15.1/STM32CubeIDE/plugins/com.st.stm32cube.ide.mcu.externaltools.gnu-tools-for-stm32.12.3.rel1.win32_1.0.100.202403111256/tools/bin/../lib/gcc/arm-none-eabi/12.3.1/thumb/v7e-m+fp/hard/crtbegin.o
 *(.text*)
 .text.delay    0x080001c4       0x2a ./Src/spi_cmd.o
                0x080001c4                delay
 *fill*         0x080001ee        0x2 
 .text.SPI_GPIO_Setup
                0x080001f0       0x90 ./Src/spi_cmd.o
                0x080001f0                SPI_GPIO_Setup
 .text.SPI_VerifyResponse
                0x08000280       0x18 ./Src/spi_cmd.o
                0x08000280                SPI_VerifyResponse
 .text.process_led_toggle
                0x08000298       0x98 ./Src/spi_cmd.o
                0x08000298                process_led_toggle
 .text.process_sensor_read
                0x08000330       0xc8 ./Src/spi_cmd.o
                0x08000330                process_sensor_read
 .text.process_led_read
                0x080003f8       0xb4 ./Src/spi_cmd.o
                0x080003f8                process_led_read
 .text.process_print
                0x080004ac       0x14 ./Src/spi_cmd.o
                0x080004ac                process_print
 .text.process_id_read
                0x080004c0      0x110 ./Src/spi_cmd.o
                0x080004c0                process_id_read
 .text.spi_send
                0x080005d0       0xe4 ./Src/spi_cmd.o
                0x080005d0                spi_send
 .text.main     0x080006b4        0xe ./Src/spi_cmd.o
                0x080006b4                main
 *fill*         0x080006c2        0x2 
 .text.Reset_Handler
                0x080006c4       0x50 ./Startup/startup_stm32l476rgtx.o
                0x080006c4                Reset_Handler
 .text.Default_Handler
                0x08000714        0x2 ./Startup/startup_stm32l476rgtx.o
                0x08000714                EXTI2_IRQHandler
                0x08000714                TIM8_TRG_COM_IRQHandler
                0x08000714                TIM8_CC_IRQHandler
                0x08000714                DebugMon_Handler
                0x08000714                DMA1_CH4_IRQHandler
                0x08000714                TIM1_CC_IRQHandler
                0x08000714                TSC_IRQHandler
                0x08000714                HardFault_Handler
                0x08000714                SysTick_Handler
                0x08000714                TAMP_STAMP_IRQHandler
                0x08000714                PendSV_Handler
                0x08000714                NMI_Handler
                0x08000714                EXTI3_IRQHandler
                0x08000714                LPTIM2_IRQHandler
                0x08000714                DFSDM1_FLT1_IRQHandler
                0x08000714                I2C3_ER_IRQHandler
                0x08000714                DFSDM1_FLT2_IRQHandler
                0x08000714                TIM6_DACUNDER_IRQHandler
                0x08000714                EXTI0_IRQHandler
                0x08000714                I2C2_EV_IRQHandler
                0x08000714                DMA2_CH1_IRQHandler
                0x08000714                CAN1_RX0_IRQHandler
                0x08000714                TIM1_UP_TIM16_IRQHandler
                0x08000714                DMA2_CH7_IRQHandler
                0x08000714                UsageFault_Handler
                0x08000714                ADC1_2_IRQHandler
                0x08000714                SPI1_IRQHandler
                0x08000714                DMA1_CH7_IRQHandler
                0x08000714                TIM8_UP_IRQHandler
                0x08000714                RTC_ALARM_IRQHandler
                0x08000714                SAI2_IRQHandler
                0x08000714                DFSDM1_FLT3_IRQHandler
                0x08000714                DMA1_CH6_IRQHandler
                0x08000714                USART3_IRQHandler
                0x08000714                CAN1_RX1_IRQHandler
                0x08000714                LCD_IRQHandler
                0x08000714                UART5_IRQHandler
                0x08000714                ADC3_IRQHandler
                0x08000714                TIM4_IRQHandler
                0x08000714                QUADSPI_IRQHandler
                0x08000714                I2C1_EV_IRQHandler
                0x08000714                DMA2_CH5_IRQHandler
                0x08000714                UART4_IRQHandler
                0x08000714                DMA1_CH3_IRQHandler
                0x08000714                TIM3_IRQHandler
                0x08000714                RCC_IRQHandler
                0x08000714                Default_Handler
                0x08000714                EXTI15_10_IRQHandler
                0x08000714                TIM7_IRQHandler
                0x08000714                SDMMC1_IRQHandler
                0x08000714                TIM5_IRQHandler
                0x08000714                I2C3_EV_IRQHandler
                0x08000714                EXTI9_5_IRQHandler
                0x08000714                DMA1_CH2_IRQHandler
                0x08000714                RTC_WKUP_IRQHandler
                0x08000714                PVD_PVM_IRQHandler
                0x08000714                SPI2_IRQHandler
                0x08000714                DMA1_CH1_IRQHandler
                0x08000714                MemManage_Handler
                0x08000714                CAN1_TX_IRQHandler
                0x08000714                SVC_Handler
                0x08000714                EXTI4_IRQHandler
                0x08000714                RNG_IRQHandler
                0x08000714                TIM1_TRG_COM_TIM17_IRQHandler
                0x08000714                COMP_IRQHandler
                0x08000714                WWDG_IRQHandler
                0x08000714                LPUART1_IRQHandler
                0x08000714                TIM2_IRQHandler
                0x08000714                EXTI1_IRQHandler
                0x08000714                AES_IRQHandler
                0x08000714                USART2_IRQHandler
                0x08000714                DFSDM1_FLT0_IRQHandler
                0x08000714                I2C2_ER_IRQHandler
                0x08000714                TIM8_BRK_IRQHandler
                0x08000714                CAN1_SCE_IRQHandler
                0x08000714                FLASH_IRQHandler
                0x08000714                BusFault_Handler
                0x08000714                USART1_IRQHandler
                0x08000714                OTG_FS_IRQHandler
                0x08000714                SPI3_IRQHandler
                0x08000714                DMA2_CH6_IRQHandler
                0x08000714                DMA2_CH3_IRQHandler
                0x08000714                DMA2_CH2_IRQHandler
                0x08000714                I2C1_ER_IRQHandler
                0x08000714                FMC_IRQHandler
                0x08000714                DMA1_CH5_IRQHandler
                0x08000714                DMA2_CH4_IRQHandler
                0x08000714                SWPMI1_IRQHandler
                0x08000714                LPTIM1_IRQHandler
                0x08000714                SAI1_IRQHandler
                0x08000714                TIM1_BRK_TIM15_IRQHandler
 *fill*         0x08000716        0x2 
 .text.GPIO_PCLK
                0x08000718      0x19c ./drivers/Src/stm32l476xx_gpio_driver.o
                0x08000718                GPIO_PCLK
 .text.GPIO_Init
                0x080008b4      0x370 ./drivers/Src/stm32l476xx_gpio_driver.o
                0x080008b4                GPIO_Init
 .text.GPIO_ReadFromInputPin
                0x08000c24       0x2a ./drivers/Src/stm32l476xx_gpio_driver.o
                0x08000c24                GPIO_ReadFromInputPin
 *fill*         0x08000c4e        0x2 
 .text.SPI_PCLK
                0x08000c50       0xb0 ./drivers/Src/stm32l476xx_spi_driver.o
                0x08000c50                SPI_PCLK
 .text.SPI_Init
                0x08000d00      0x1cc ./drivers/Src/stm32l476xx_spi_driver.o
                0x08000d00                SPI_Init
 .text.SPI_SendData
                0x08000ecc       0xa0 ./drivers/Src/stm32l476xx_spi_driver.o
                0x08000ecc                SPI_SendData
 .text.SPI_ReceiveData
                0x08000f6c       0x7a ./drivers/Src/stm32l476xx_spi_driver.o
                0x08000f6c                SPI_ReceiveData
 .text.SPI_Enable
                0x08000fe6       0x38 ./drivers/Src/stm32l476xx_spi_driver.o
                0x08000fe6                SPI_Enable
 .text.SPI_SSIConfig
                0x0800101e       0x38 ./drivers/Src/stm32l476xx_spi_driver.o
                0x0800101e                SPI_SSIConfig
 .text.SPI_SSOEConfig
                0x08001056       0x38 ./drivers/Src/stm32l476xx_spi_driver.o
                0x08001056                SPI_SSOEConfig
 *fill*         0x0800108e        0x2 
 .text.__libc_init_array
                0x08001090       0x48 C:/STM32CubeIDE_1.15.1/STM32CubeIDE/plugins/com.st.stm32cube.ide.mcu.externaltools.gnu-tools-for-stm32.12.3.rel1.win32_1.0.100.202403111256/tools/bin/../lib/gcc/arm-none-eabi/12.3.1/../../../../arm-none-eabi/lib/thumb/v7e-m+fp/hard\libc_nano.a(libc_a-init.o)
                0x08001090                __libc_init_array
 *(.glue_7)
 .glue_7        0x080010d8        0x0 linker stubs
 *(.glue_7t)
 .glue_7t       0x080010d8        0x0 linker stubs
 *(.eh_frame)
 .eh_frame      0x080010d8        0x0 C:/STM32CubeIDE_1.15.1/STM32CubeIDE/plugins/com.st.stm32cube.ide.mcu.externaltools.gnu-tools-for-stm32.12.3.rel1.win32_1.0.100.202403111256/tools/bin/../lib/gcc/arm-none-eabi/12.3.1/thumb/v7e-m+fp/hard/crtbegin.o
 *(.init)
 .init          0x080010d8        0x4 C:/STM32CubeIDE_1.15.1/STM32CubeIDE/plugins/com.st.stm32cube.ide.mcu.externaltools.gnu-tools-for-stm32.12.3.rel1.win32_1.0.100.202403111256/tools/bin/../lib/gcc/arm-none-eabi/12.3.1/thumb/v7e-m+fp/hard/crti.o
                0x080010d8                _init
 .init          0x080010dc        0x8 C:/STM32CubeIDE_1.15.1/STM32CubeIDE/plugins/com.st.stm32cube.ide.mcu.externaltools.gnu-tools-for-stm32.12.3.rel1.win32_1.0.100.202403111256/tools/bin/../lib/gcc/arm-none-eabi/12.3.1/thumb/v7e-m+fp/hard/crtn.o
 *(.fini)
 .fini          0x080010e4        0x4 C:/STM32CubeIDE_1.15.1/STM32CubeIDE/plugins/com.st.stm32cube.ide.mcu.externaltools.gnu-tools-for-stm32.12.3.rel1.win32_1.0.100.202403111256/tools/bin/../lib/gcc/arm-none-eabi/12.3.1/thumb/v7e-m+fp/hard/crti.o
                0x080010e4                _fini
 .fini          0x080010e8        0x8 C:/STM32CubeIDE_1.15.1/STM32CubeIDE/plugins/com.st.stm32cube.ide.mcu.externaltools.gnu-tools-for-stm32.12.3.rel1.win32_1.0.100.202403111256/tools/bin/../lib/gcc/arm-none-eabi/12.3.1/thumb/v7e-m+fp/hard/crtn.o
                0x080010f0                        . = ALIGN (0x4)
                0x080010f0                        _etext = .

.vfp11_veneer   0x080010f0        0x0
 .vfp11_veneer  0x080010f0        0x0 linker stubs

.v4_bx          0x080010f0        0x0
 .v4_bx         0x080010f0        0x0 linker stubs

.iplt           0x080010f0        0x0
 .iplt          0x080010f0        0x0 C:/STM32CubeIDE_1.15.1/STM32CubeIDE/plugins/com.st.stm32cube.ide.mcu.externaltools.gnu-tools-for-stm32.12.3.rel1.win32_1.0.100.202403111256/tools/bin/../lib/gcc/arm-none-eabi/12.3.1/thumb/v7e-m+fp/hard/crtbegin.o

.rodata         0x080010f0       0x18
                0x080010f0                        . = ALIGN (0x4)
 *(.rodata)
 .rodata        0x080010f0       0x18 ./Src/spi_cmd.o
 *(.rodata*)
                0x08001108                        . = ALIGN (0x4)

.ARM.extab      0x08001108        0x0
                0x08001108                        . = ALIGN (0x4)
 *(.ARM.extab* .gnu.linkonce.armextab.*)
                0x08001108                        . = ALIGN (0x4)

.ARM            0x08001108        0x0
                0x08001108                        . = ALIGN (0x4)
                0x08001108                        __exidx_start = .
 *(.ARM.exidx*)
                0x08001108                        __exidx_end = .
                0x08001108                        . = ALIGN (0x4)

.preinit_array  0x08001108        0x0
                0x08001108                        . = ALIGN (0x4)
                0x08001108                        PROVIDE (__preinit_array_start = .)
 *(.preinit_array*)
                0x08001108                        PROVIDE (__preinit_array_end = .)
                0x08001108                        . = ALIGN (0x4)

.init_array     0x08001108        0x4
                0x08001108                        . = ALIGN (0x4)
                0x08001108                        PROVIDE (__init_array_start = .)
 *(SORT_BY_NAME(.init_array.*))
 *(.init_array*)
 .init_array    0x08001108        0x4 C:/STM32CubeIDE_1.15.1/STM32CubeIDE/plugins/com.st.stm32cube.ide.mcu.externaltools.gnu-tools-for-stm32.12.3.rel1.win32_1.0.100.202403111256/tools/bin/../lib/gcc/arm-none-eabi/12.3.1/thumb/v7e-m+fp/hard/crtbegin.o
                0x0800110c                        PROVIDE (__init_array_end = .)
                0x0800110c                        . = ALIGN (0x4)

.fini_array     0x0800110c        0x4
                0x0800110c                        . = ALIGN (0x4)
                [!provide]                        PROVIDE (__fini_array_start = .)
 *(SORT_BY_NAME(.fini_array.*))
 *(.fini_array*)
 .fini_array    0x0800110c        0x4 C:/STM32CubeIDE_1.15.1/STM32CubeIDE/plugins/com.st.stm32cube.ide.mcu.externaltools.gnu-tools-for-stm32.12.3.rel1.win32_1.0.100.202403111256/tools/bin/../lib/gcc/arm-none-eabi/12.3.1/thumb/v7e-m+fp/hard/crtbegin.o
                [!provide]                        PROVIDE (__fini_array_end = .)
                0x08001110                        . = ALIGN (0x4)
                0x08001110                        _sidata = LOADADDR (.data)

.rel.dyn        0x08001110        0x0
 .rel.iplt      0x08001110        0x0 C:/STM32CubeIDE_1.15.1/STM32CubeIDE/plugins/com.st.stm32cube.ide.mcu.externaltools.gnu-tools-for-stm32.12.3.rel1.win32_1.0.100.202403111256/tools/bin/../lib/gcc/arm-none-eabi/12.3.1/thumb/v7e-m+fp/hard/crtbegin.o

.data           0x20000000        0x4 load address 0x08001110
                0x20000000                        . = ALIGN (0x4)
                0x20000000                        _sdata = .
 *(.data)
 *(.data*)
 .data.dummy_byte
                0x20000000        0x1 ./Src/spi_cmd.o
 *(.RamFunc)
 *(.RamFunc*)
                0x20000004                        . = ALIGN (0x4)
 *fill*         0x20000001        0x3 
                0x20000004                        _edata = .
                0x08001114                        _sisram2 = LOADADDR (.sram2)

.igot.plt       0x20000004        0x0 load address 0x08001114
 .igot.plt      0x20000004        0x0 C:/STM32CubeIDE_1.15.1/STM32CubeIDE/plugins/com.st.stm32cube.ide.mcu.externaltools.gnu-tools-for-stm32.12.3.rel1.win32_1.0.100.202403111256/tools/bin/../lib/gcc/arm-none-eabi/12.3.1/thumb/v7e-m+fp/hard/crtbegin.o

.sram2          0x10000000        0x0 load address 0x08001114
                0x10000000                        . = ALIGN (0x4)
                0x10000000                        _ssram2 = .
 *(.sram2)
 *(.sram2*)
                0x10000000                        . = ALIGN (0x4)
                0x10000000                        _esram2 = .
                0x10000000                        . = ALIGN (0x4)

.bss            0x20000004       0x20
                0x20000004                        _sbss = .
                0x20000004                        __bss_start__ = _sbss
 *(.bss)
 .bss           0x20000004       0x1c C:/STM32CubeIDE_1.15.1/STM32CubeIDE/plugins/com.st.stm32cube.ide.mcu.externaltools.gnu-tools-for-stm32.12.3.rel1.win32_1.0.100.202403111256/tools/bin/../lib/gcc/arm-none-eabi/12.3.1/thumb/v7e-m+fp/hard/crtbegin.o
 *(.bss*)
 .bss.dummy_data
                0x20000020        0x1 ./Src/spi_cmd.o
 *(COMMON)
                0x20000024                        . = ALIGN (0x4)
 *fill*         0x20000021        0x3 
                0x20000024                        _ebss = .
                0x20000024                        __bss_end__ = _ebss

._user_heap_stack
                0x20000024      0x604
                0x20000028                        . = ALIGN (0x8)
 *fill*         0x20000024        0x4 
                [!provide]                        PROVIDE (end = .)
                0x20000028                        PROVIDE (_end = .)
                0x20000228                        . = (. + _Min_Heap_Size)
 *fill*         0x20000028      0x200 
                0x20000628                        . = (. + _Min_Stack_Size)
 *fill*         0x20000228      0x400 
                0x20000628                        . = ALIGN (0x8)

/DISCARD/
 libc.a(*)
 libm.a(*)
 libgcc.a(*)

.ARM.attributes
                0x00000000       0x30
 *(.ARM.attributes)
 .ARM.attributes
                0x00000000       0x22 C:/STM32CubeIDE_1.15.1/STM32CubeIDE/plugins/com.st.stm32cube.ide.mcu.externaltools.gnu-tools-for-stm32.12.3.rel1.win32_1.0.100.202403111256/tools/bin/../lib/gcc/arm-none-eabi/12.3.1/thumb/v7e-m+fp/hard/crti.o
 .ARM.attributes
                0x00000022       0x34 C:/STM32CubeIDE_1.15.1/STM32CubeIDE/plugins/com.st.stm32cube.ide.mcu.externaltools.gnu-tools-for-stm32.12.3.rel1.win32_1.0.100.202403111256/tools/bin/../lib/gcc/arm-none-eabi/12.3.1/thumb/v7e-m+fp/hard/crtbegin.o
 .ARM.attributes
                0x00000056       0x34 ./Src/spi_cmd.o
 .ARM.attributes
                0x0000008a       0x21 ./Startup/startup_stm32l476rgtx.o
 .ARM.attributes
                0x000000ab       0x34 ./drivers/Src/stm32l476xx_gpio_driver.o
 .ARM.attributes
                0x000000df       0x34 ./drivers/Src/stm32l476xx_spi_driver.o
 .ARM.attributes
                0x00000113       0x34 C:/STM32CubeIDE_1.15.1/STM32CubeIDE/plugins/com.st.stm32cube.ide.mcu.externaltools.gnu-tools-for-stm32.12.3.rel1.win32_1.0.100.202403111256/tools/bin/../lib/gcc/arm-none-eabi/12.3.1/../../../../arm-none-eabi/lib/thumb/v7e-m+fp/hard\libc_nano.a(libc_a-init.o)
 .ARM.attributes
                0x00000147       0x22 C:/STM32CubeIDE_1.15.1/STM32CubeIDE/plugins/com.st.stm32cube.ide.mcu.externaltools.gnu-tools-for-stm32.12.3.rel1.win32_1.0.100.202403111256/tools/bin/../lib/gcc/arm-none-eabi/12.3.1/thumb/v7e-m+fp/hard/crtn.o
OUTPUT(stm32l4xx_drivers.elf elf32-littlearm)
LOAD linker stubs
LOAD C:/STM32CubeIDE_1.15.1/STM32CubeIDE/plugins/com.st.stm32cube.ide.mcu.externaltools.gnu-tools-for-stm32.12.3.rel1.win32_1.0.100.202403111256/tools/bin/../lib/gcc/arm-none-eabi/12.3.1/../../../../arm-none-eabi/lib/thumb/v7e-m+fp/hard\libc.a
LOAD C:/STM32CubeIDE_1.15.1/STM32CubeIDE/plugins/com.st.stm32cube.ide.mcu.externaltools.gnu-tools-for-stm32.12.3.rel1.win32_1.0.100.202403111256/tools/bin/../lib/gcc/arm-none-eabi/12.3.1/../../../../arm-none-eabi/lib/thumb/v7e-m+fp/hard\libm.a
LOAD C:/STM32CubeIDE_1.15.1/STM32CubeIDE/plugins/com.st.stm32cube.ide.mcu.externaltools.gnu-tools-for-stm32.12.3.rel1.win32_1.0.100.202403111256/tools/bin/../lib/gcc/arm-none-eabi/12.3.1/thumb/v7e-m+fp/hard\libgcc.a

.debug_info     0x00000000     0x1609
 .debug_info    0x00000000      0x6ec ./Src/spi_cmd.o
 .debug_info    0x000006ec       0x30 ./Startup/startup_stm32l476rgtx.o
 .debug_info    0x0000071c      0x86f ./drivers/Src/stm32l476xx_gpio_driver.o
 .debug_info    0x00000f8b      0x67e ./drivers/Src/stm32l476xx_spi_driver.o

.debug_abbrev   0x00000000      0x459
 .debug_abbrev  0x00000000      0x1dc ./Src/spi_cmd.o
 .debug_abbrev  0x000001dc       0x24 ./Startup/startup_stm32l476rgtx.o
 .debug_abbrev  0x00000200      0x12e ./drivers/Src/stm32l476xx_gpio_driver.o
 .debug_abbrev  0x0000032e      0x12b ./drivers/Src/stm32l476xx_spi_driver.o

.debug_aranges  0x00000000      0x178
 .debug_aranges
                0x00000000       0x68 ./Src/spi_cmd.o
 .debug_aranges
                0x00000068       0x28 ./Startup/startup_stm32l476rgtx.o
 .debug_aranges
                0x00000090       0x70 ./drivers/Src/stm32l476xx_gpio_driver.o
 .debug_aranges
                0x00000100       0x78 ./drivers/Src/stm32l476xx_spi_driver.o

.debug_rnglists
                0x00000000      0x114
 .debug_rnglists
                0x00000000       0x4f ./Src/spi_cmd.o
 .debug_rnglists
                0x0000004f       0x19 ./Startup/startup_stm32l476rgtx.o
 .debug_rnglists
                0x00000068       0x53 ./drivers/Src/stm32l476xx_gpio_driver.o
 .debug_rnglists
                0x000000bb       0x59 ./drivers/Src/stm32l476xx_spi_driver.o

.debug_macro    0x00000000     0x2509
 .debug_macro   0x00000000      0x1a9 ./Src/spi_cmd.o
 .debug_macro   0x000001a9      0xac0 ./Src/spi_cmd.o
 .debug_macro   0x00000c69       0x22 ./Src/spi_cmd.o
 .debug_macro   0x00000c8b       0x8e ./Src/spi_cmd.o
 .debug_macro   0x00000d19       0x51 ./Src/spi_cmd.o
 .debug_macro   0x00000d6a      0x103 ./Src/spi_cmd.o
 .debug_macro   0x00000e6d       0x6a ./Src/spi_cmd.o
 .debug_macro   0x00000ed7      0x1df ./Src/spi_cmd.o
 .debug_macro   0x000010b6       0x61 ./Src/spi_cmd.o
 .debug_macro   0x00001117       0x2a ./Src/spi_cmd.o
 .debug_macro   0x00001141       0x43 ./Src/spi_cmd.o
 .debug_macro   0x00001184       0x34 ./Src/spi_cmd.o
 .debug_macro   0x000011b8      0x189 ./Src/spi_cmd.o
 .debug_macro   0x00001341       0x16 ./Src/spi_cmd.o
 .debug_macro   0x00001357       0x43 ./Src/spi_cmd.o
 .debug_macro   0x0000139a       0x34 ./Src/spi_cmd.o
 .debug_macro   0x000013ce       0x10 ./Src/spi_cmd.o
 .debug_macro   0x000013de       0x58 ./Src/spi_cmd.o
 .debug_macro   0x00001436       0x8e ./Src/spi_cmd.o
 .debug_macro   0x000014c4       0x1c ./Src/spi_cmd.o
 .debug_macro   0x000014e0      0x177 ./Src/spi_cmd.o
 .debug_macro   0x00001657      0x369 ./Src/spi_cmd.o
 .debug_macro   0x000019c0       0x10 ./Src/spi_cmd.o
 .debug_macro   0x000019d0       0x35 ./Src/spi_cmd.o
 .debug_macro   0x00001a05       0x20 ./Src/spi_cmd.o
 .debug_macro   0x00001a25      0x3e9 ./Src/spi_cmd.o
 .debug_macro   0x00001e0e       0xe8 ./Src/spi_cmd.o
 .debug_macro   0x00001ef6       0x9a ./Src/spi_cmd.o
 .debug_macro   0x00001f90       0x81 ./drivers/Src/stm32l476xx_gpio_driver.o
 .debug_macro   0x00002011      0x3e3 ./drivers/Src/stm32l476xx_gpio_driver.o
 .debug_macro   0x000023f4       0x81 ./drivers/Src/stm32l476xx_spi_driver.o
 .debug_macro   0x00002475       0x94 ./drivers/Src/stm32l476xx_spi_driver.o

.debug_line     0x00000000     0x1a76
 .debug_line    0x00000000      0x814 ./Src/spi_cmd.o
 .debug_line    0x00000814       0x7b ./Startup/startup_stm32l476rgtx.o
 .debug_line    0x0000088f      0x9fd ./drivers/Src/stm32l476xx_gpio_driver.o
 .debug_line    0x0000128c      0x7ea ./drivers/Src/stm32l476xx_spi_driver.o

.debug_str      0x00000000     0x92ef
 .debug_str     0x00000000     0x8ea0 ./Src/spi_cmd.o
                               0x909d (size before relaxing)
 .debug_str     0x00008ea0       0x3f ./Startup/startup_stm32l476rgtx.o
                                 0x68 (size before relaxing)
 .debug_str     0x00008edf      0x338 ./drivers/Src/stm32l476xx_gpio_driver.o
                               0x5a3d (size before relaxing)
 .debug_str     0x00009217       0xd8 ./drivers/Src/stm32l476xx_spi_driver.o
                               0x58e8 (size before relaxing)

.comment        0x00000000       0x43
 .comment       0x00000000       0x43 ./Src/spi_cmd.o
                                 0x44 (size before relaxing)
 .comment       0x00000043       0x44 ./drivers/Src/stm32l476xx_gpio_driver.o
 .comment       0x00000043       0x44 ./drivers/Src/stm32l476xx_spi_driver.o

.debug_frame    0x00000000      0x564
 .debug_frame   0x00000000      0x184 ./Src/spi_cmd.o
 .debug_frame   0x00000184      0x1c8 ./drivers/Src/stm32l476xx_gpio_driver.o
 .debug_frame   0x0000034c      0x1ec ./drivers/Src/stm32l476xx_spi_driver.o
 .debug_frame   0x00000538       0x2c C:/STM32CubeIDE_1.15.1/STM32CubeIDE/plugins/com.st.stm32cube.ide.mcu.externaltools.gnu-tools-for-stm32.12.3.rel1.win32_1.0.100.202403111256/tools/bin/../lib/gcc/arm-none-eabi/12.3.1/../../../../arm-none-eabi/lib/thumb/v7e-m+fp/hard\libc_nano.a(libc_a-init.o)

.debug_line_str
                0x00000000       0x4c
 .debug_line_str
                0x00000000       0x4c ./Startup/startup_stm32l476rgtx.o
