Archive member included to satisfy reference by file (symbol)

C:/STM32CubeIDE_1.15.1/STM32CubeIDE/plugins/com.st.stm32cube.ide.mcu.externaltools.gnu-tools-for-stm32.12.3.rel1.win32_1.0.100.202403111256/tools/bin/../lib/gcc/arm-none-eabi/12.3.1/../../../../arm-none-eabi/lib/thumb/v7e-m+fp/hard\libc_nano.a(libc_a-exit.o)
                              C:/STM32CubeIDE_1.15.1/STM32CubeIDE/plugins/com.st.stm32cube.ide.mcu.externaltools.gnu-tools-for-stm32.12.3.rel1.win32_1.0.100.202403111256/tools/bin/../lib/gcc/arm-none-eabi/12.3.1/../../../../arm-none-eabi/lib/thumb/v7e-m+fp/hard/crt0.o (exit)
C:/STM32CubeIDE_1.15.1/STM32CubeIDE/plugins/com.st.stm32cube.ide.mcu.externaltools.gnu-tools-for-stm32.12.3.rel1.win32_1.0.100.202403111256/tools/bin/../lib/gcc/arm-none-eabi/12.3.1/../../../../arm-none-eabi/lib/thumb/v7e-m+fp/hard\libc_nano.a(libc_a-findfp.o)
                              C:/STM32CubeIDE_1.15.1/STM32CubeIDE/plugins/com.st.stm32cube.ide.mcu.externaltools.gnu-tools-for-stm32.12.3.rel1.win32_1.0.100.202403111256/tools/bin/../lib/gcc/arm-none-eabi/12.3.1/../../../../arm-none-eabi/lib/thumb/v7e-m+fp/hard\libc_nano.a(libc_a-exit.o) (__stdio_exit_handler)
C:/STM32CubeIDE_1.15.1/STM32CubeIDE/plugins/com.st.stm32cube.ide.mcu.externaltools.gnu-tools-for-stm32.12.3.rel1.win32_1.0.100.202403111256/tools/bin/../lib/gcc/arm-none-eabi/12.3.1/../../../../arm-none-eabi/lib/thumb/v7e-m+fp/hard\libc_nano.a(libc_a-fwalk.o)
                              C:/STM32CubeIDE_1.15.1/STM32CubeIDE/plugins/com.st.stm32cube.ide.mcu.externaltools.gnu-tools-for-stm32.12.3.rel1.win32_1.0.100.202403111256/tools/bin/../lib/gcc/arm-none-eabi/12.3.1/../../../../arm-none-eabi/lib/thumb/v7e-m+fp/hard\libc_nano.a(libc_a-findfp.o) (_fwalk_sglue)
C:/STM32CubeIDE_1.15.1/STM32CubeIDE/plugins/com.st.stm32cube.ide.mcu.externaltools.gnu-tools-for-stm32.12.3.rel1.win32_1.0.100.202403111256/tools/bin/../lib/gcc/arm-none-eabi/12.3.1/../../../../arm-none-eabi/lib/thumb/v7e-m+fp/hard\libc_nano.a(libc_a-stdio.o)
                              C:/STM32CubeIDE_1.15.1/STM32CubeIDE/plugins/com.st.stm32cube.ide.mcu.externaltools.gnu-tools-for-stm32.12.3.rel1.win32_1.0.100.202403111256/tools/bin/../lib/gcc/arm-none-eabi/12.3.1/../../../../arm-none-eabi/lib/thumb/v7e-m+fp/hard\libc_nano.a(libc_a-findfp.o) (__sread)
C:/STM32CubeIDE_1.15.1/STM32CubeIDE/plugins/com.st.stm32cube.ide.mcu.externaltools.gnu-tools-for-stm32.12.3.rel1.win32_1.0.100.202403111256/tools/bin/../lib/gcc/arm-none-eabi/12.3.1/../../../../arm-none-eabi/lib/thumb/v7e-m+fp/hard\libc_nano.a(libc_a-memset.o)
                              C:/STM32CubeIDE_1.15.1/STM32CubeIDE/plugins/com.st.stm32cube.ide.mcu.externaltools.gnu-tools-for-stm32.12.3.rel1.win32_1.0.100.202403111256/tools/bin/../lib/gcc/arm-none-eabi/12.3.1/../../../../arm-none-eabi/lib/thumb/v7e-m+fp/hard/crt0.o (memset)
C:/STM32CubeIDE_1.15.1/STM32CubeIDE/plugins/com.st.stm32cube.ide.mcu.externaltools.gnu-tools-for-stm32.12.3.rel1.win32_1.0.100.202403111256/tools/bin/../lib/gcc/arm-none-eabi/12.3.1/../../../../arm-none-eabi/lib/thumb/v7e-m+fp/hard\libc_nano.a(libc_a-closer.o)
                              C:/STM32CubeIDE_1.15.1/STM32CubeIDE/plugins/com.st.stm32cube.ide.mcu.externaltools.gnu-tools-for-stm32.12.3.rel1.win32_1.0.100.202403111256/tools/bin/../lib/gcc/arm-none-eabi/12.3.1/../../../../arm-none-eabi/lib/thumb/v7e-m+fp/hard\libc_nano.a(libc_a-stdio.o) (_close_r)
C:/STM32CubeIDE_1.15.1/STM32CubeIDE/plugins/com.st.stm32cube.ide.mcu.externaltools.gnu-tools-for-stm32.12.3.rel1.win32_1.0.100.202403111256/tools/bin/../lib/gcc/arm-none-eabi/12.3.1/../../../../arm-none-eabi/lib/thumb/v7e-m+fp/hard\libc_nano.a(libc_a-reent.o)
                              C:/STM32CubeIDE_1.15.1/STM32CubeIDE/plugins/com.st.stm32cube.ide.mcu.externaltools.gnu-tools-for-stm32.12.3.rel1.win32_1.0.100.202403111256/tools/bin/../lib/gcc/arm-none-eabi/12.3.1/../../../../arm-none-eabi/lib/thumb/v7e-m+fp/hard\libc_nano.a(libc_a-closer.o) (errno)
C:/STM32CubeIDE_1.15.1/STM32CubeIDE/plugins/com.st.stm32cube.ide.mcu.externaltools.gnu-tools-for-stm32.12.3.rel1.win32_1.0.100.202403111256/tools/bin/../lib/gcc/arm-none-eabi/12.3.1/../../../../arm-none-eabi/lib/thumb/v7e-m+fp/hard\libc_nano.a(libc_a-impure.o)
                              C:/STM32CubeIDE_1.15.1/STM32CubeIDE/plugins/com.st.stm32cube.ide.mcu.externaltools.gnu-tools-for-stm32.12.3.rel1.win32_1.0.100.202403111256/tools/bin/../lib/gcc/arm-none-eabi/12.3.1/../../../../arm-none-eabi/lib/thumb/v7e-m+fp/hard\libc_nano.a(libc_a-reent.o) (_impure_ptr)
C:/STM32CubeIDE_1.15.1/STM32CubeIDE/plugins/com.st.stm32cube.ide.mcu.externaltools.gnu-tools-for-stm32.12.3.rel1.win32_1.0.100.202403111256/tools/bin/../lib/gcc/arm-none-eabi/12.3.1/../../../../arm-none-eabi/lib/thumb/v7e-m+fp/hard\libc_nano.a(libc_a-lseekr.o)
[...]
Memory Configuration

Name             Origin             Length             Attributes
RAM              0x20000000         0x00018000         xrw
SRAM2            0x10000000         0x00008000         xrw
FLASH            0x08000000         0x00100000         xr
*default*        0x00000000         0xffffffff

Linker script and memory map

LOAD C:/STM32CubeIDE_1.15.1/STM32CubeIDE/plugins/com.st.stm32cube.ide.mcu.externaltools.gnu-tools-for-stm32.12.3.rel1.win32_1.0.100.202403111256/tools/bin/../lib/gcc/arm-none-eabi/12.3.1/thumb/v7e-m+fp/hard/crti.o
LOAD C:/STM32CubeIDE_1.15.1/STM32CubeIDE/plugins/com.st.stm32cube.ide.mcu.externaltools.gnu-tools-for-stm32.12.3.rel1.win32_1.0.100.202403111256/tools/bin/../lib/gcc/arm-none-eabi/12.3.1/thumb/v7e-m+fp/hard/crtbegin.o
LOAD C:/STM32CubeIDE_1.15.1/STM32CubeIDE/plugins/com.st.stm32cube.ide.mcu.externaltools.gnu-tools-for-stm32.12.3.rel1.win32_1.0.100.202403111256/tools/bin/../lib/gcc/arm-none-eabi/12.3.1/../../../../arm-none-eabi/lib/thumb/v7e-m+fp/hard/crt0.o
LOAD ./Src/spi_arduino.o
LOAD ./Src/syscalls.o
LOAD ./Src/sysmem.o
LOAD ./Startup/startup_stm32l476rgtx.o
LOAD ./drivers/Src/stm32l476xx_gpio_driver.o
LOAD ./drivers/Src/stm32l476xx_spi_driver.o
START GROUP
LOAD C:/STM32CubeIDE_1.15.1/STM32CubeIDE/plugins/com.st.stm32cube.ide.mcu.externaltools.gnu-tools-for-stm32.12.3.rel1.win32_1.0.100.202403111256/tools/bin/../lib/gcc/arm-none-eabi/12.3.1/../../../../arm-none-eabi/lib/thumb/v7e-m+fp/hard\libc_nano.a
LOAD C:/STM32CubeIDE_1.15.1/STM32CubeIDE/plugins/com.st.stm32cube.ide.mcu.externaltools.gnu-tools-for-stm32.12.3.rel1.win32_1.0.100.202403111256/tools/bin/../lib/gcc/arm-none-eabi/12.3.1/../../../../arm-none-eabi/lib/thumb/v7e-m+fp/hard\libm.a
END GROUP
START GROUP
LOAD C:/STM32CubeIDE_1.15.1/STM32CubeIDE/plugins/com.st.stm32cube.ide.mcu.externaltools.gnu-tools-for-stm32.12.3.rel1.win32_1.0.100.202403111256/tools/bin/../lib/gcc/arm-none-eabi/12.3.1/thumb/v7e-m+fp/hard\libgcc.a
LOAD C:/STM32CubeIDE_1.15.1/STM32CubeIDE/plugins/com.st.stm32cube.ide.mcu.externaltools.gnu-tools-for-stm32.12.3.rel1.win32_1.0.100.202403111256/tools/bin/../lib/gcc/arm-none-eabi/12.3.1/../../../../arm-none-eabi/lib/thumb/v7e-m+fp/hard\libc_nano.a
END GROUP
START GROUP
LOAD C:/STM32CubeIDE_1.15.1/STM32CubeIDE/plugins/com.st.stm32cube.ide.mcu.externaltools.gnu-tools-for-stm32.12.3.rel1.win32_1.0.100.202403111256/tools/bin/../lib/gcc/arm-none-eabi/12.3.1/thumb/v7e-m+fp/hard\libgcc.a
LOAD C:/STM32CubeIDE_1.15.1/STM32CubeIDE/plugins/com.st.stm32cube.ide.mcu.externaltools.gnu-tools-for-stm32.12.3.rel1.win32_1.0.100.202403111256/tools/bin/../lib/gcc/arm-none-eabi/12.3.1/../../../../arm-none-eabi/lib/thumb/v7e-m+fp/hard\libc_nano.a
LOAD C:/STM32CubeIDE_1.15.1/STM32CubeIDE/plugins/com.st.stm32cube.ide.mcu.externaltools.gnu-tools-for-stm32.12.3.rel1.win32_1.0.100.202403111256/tools/bin/../lib/gcc/arm-none-eabi/12.3.1/../../../../arm-none-eabi/lib/thumb/v7e-m+fp/hard\libnosys.a
END GROUP
START GROUP
LOAD C:/STM32CubeIDE_1.15.1/STM32CubeIDE/plugins/com.st.stm32cube.ide.mcu.externaltools.gnu-tools-for-stm32.12.3.rel1.win32_1.0.100.202403111256/tools/bin/../lib/gcc/arm-none-eabi/12.3.1/thumb/v7e-m+fp/hard\libgcc.a
LOAD C:/STM32CubeIDE_1.15.1/STM32CubeIDE/plugins/com.st.stm32cube.ide.mcu.externaltools.gnu-tools-for-stm32.12.3.rel1.win32_1.0.100.202403111256/tools/bin/../lib/gcc/arm-none-eabi/12.3.1/../../../../arm-none-eabi/lib/thumb/v7e-m+fp/hard\libc_nano.a
LOAD C:/STM32CubeIDE_1.15.1/STM32CubeIDE/plugins/com.st.stm32cube.ide.mcu.externaltools.gnu-tools-for-stm32.12.3.rel1.win32_1.0.100.202403111256/tools/bin/../lib/gcc/arm-none-eabi/12.3.1/../../../../arm-none-eabi/lib/thumb/v7e-m+fp/hard\libnosys.a
END GROUP
LOAD C:/STM32CubeIDE_1.15.1/STM32CubeIDE/plugins/com.st.stm32cube.ide.mcu.externaltools.gnu-tools-for-stm32.12.3.rel1.win32_1.0.100.202403111256/tools/bin/../lib/gcc/arm-none-eabi/12.3.1/thumb/v7e-m+fp/hard/crtend.o
LOAD C:/STM32CubeIDE_1.15.1/STM32CubeIDE/plugins/com.st.stm32cube.ide.mcu.externaltools.gnu-tools-for-stm32.12.3.rel1.win32_1.0.100.202403111256/tools/bin/../lib/gcc/arm-none-eabi/12.3.1/thumb/v7e-m+fp/hard/crtn.o
                0x20018000                        _estack = (ORIGIN (RAM) + LENGTH (RAM))
                0x00000200                        _Min_Heap_Size = 0x200
                0x00000400                        _Min_Stack_Size = 0x400

.isr_vector     0x08000000      0x184
                0x08000000                        . = ALIGN (0x4)
 *(.isr_vector)
 .isr_vector    0x08000000      0x184 ./Startup/startup_stm32l476rgtx.o
                0x08000000                g_pfnVectors
                0x08000184                        . = ALIGN (0x4)

.text           0x08000184      0xc3c
                0x08000184                        . = ALIGN (0x4)
 *(.text)
 .text          0x08000184       0x40 C:/STM32CubeIDE_1.15.1/STM32CubeIDE/plugins/com.st.stm32cube.ide.mcu.externaltools.gnu-tools-for-stm32.12.3.rel1.win32_1.0.100.202403111256/tools/bin/../lib/gcc/arm-none-eabi/12.3.1/thumb/v7e-m+fp/hard/crtbegin.o
 .text          0x080001c4       0x10 C:/STM32CubeIDE_1.15.1/STM32CubeIDE/plugins/com.st.stm32cube.ide.mcu.externaltools.gnu-tools-for-stm32.12.3.rel1.win32_1.0.100.202403111256/tools/bin/../lib/gcc/arm-none-eabi/12.3.1/../../../../arm-none-eabi/lib/thumb/v7e-m+fp/hard\libc_nano.a(libc_a-strlen.o)
                0x080001c4                strlen
 *(.text*)
 .text.SPI_GPIO_Setup
                0x080001d4       0x84 ./Src/spi_arduino.o
                0x080001d4                SPI_GPIO_Setup
 .text.spi_send
                0x08000258       0x94 ./Src/spi_arduino.o
                0x08000258                spi_send
 .text.EXTI2_IRQHandler
                0x080002ec       0x18 ./Src/spi_arduino.o
                0x080002ec                EXTI2_IRQHandler
 .text.main     0x08000304        0xe ./Src/spi_arduino.o
                0x08000304                main
 *fill*         0x08000312        0x2 
 .text.Reset_Handler
                0x08000314       0x50 ./Startup/startup_stm32l476rgtx.o
                0x08000314                Reset_Handler
 .text.Default_Handler
                0x08000364        0x2 ./Startup/startup_stm32l476rgtx.o
                0x08000364                TIM8_TRG_COM_IRQHandler
                0x08000364                TIM8_CC_IRQHandler
                0x08000364                DebugMon_Handler
                0x08000364                DMA1_CH4_IRQHandler
                0x08000364                TIM1_CC_IRQHandler
                0x08000364                TSC_IRQHandler
                0x08000364                HardFault_Handler
                0x08000364                SysTick_Handler
                0x08000364                TAMP_STAMP_IRQHandler
                0x08000364                PendSV_Handler
                0x08000364                NMI_Handler
                0x08000364                EXTI3_IRQHandler
                0x08000364                LPTIM2_IRQHandler
                0x08000364                DFSDM1_FLT1_IRQHandler
                0x08000364                I2C3_ER_IRQHandler
                0x08000364                DFSDM1_FLT2_IRQHandler
                0x08000364                TIM6_DACUNDER_IRQHandler
                0x08000364                EXTI0_IRQHandler
                0x08000364                I2C2_EV_IRQHandler
                0x08000364                DMA2_CH1_IRQHandler
                0x08000364                CAN1_RX0_IRQHandler
                0x08000364                TIM1_UP_TIM16_IRQHandler
                0x08000364                DMA2_CH7_IRQHandler
                0x08000364                UsageFault_Handler
                0x08000364                ADC1_2_IRQHandler
                0x08000364                SPI1_IRQHandler
                0x08000364                DMA1_CH7_IRQHandler
                0x08000364                TIM8_UP_IRQHandler
                0x08000364                RTC_ALARM_IRQHandler
                0x08000364                SAI2_IRQHandler
                0x08000364                DFSDM1_FLT3_IRQHandler
                0x08000364                DMA1_CH6_IRQHandler
                0x08000364                USART3_IRQHandler
                0x08000364                CAN1_RX1_IRQHandler
                0x08000364                LCD_IRQHandler
                0x08000364                UART5_IRQHandler
                0x08000364                ADC3_IRQHandler
                0x08000364                TIM4_IRQHandler
                0x08000364                QUADSPI_IRQHandler
                0x08000364                I2C1_EV_IRQHandler
                0x08000364                DMA2_CH5_IRQHandler
                0x08000364                UART4_IRQHandler
                0x08000364                DMA1_CH3_IRQHandler
                0x08000364                TIM3_IRQHandler
                0x08000364                RCC_IRQHandler
                0x08000364                Default_Handler
                0x08000364                EXTI15_10_IRQHandler
                0x08000364                TIM7_IRQHandler
                0x08000364                SDMMC1_IRQHandler
                0x08000364                TIM5_IRQHandler
                0x08000364                I2C3_EV_IRQHandler
                0x08000364                EXTI9_5_IRQHandler
                0x08000364                DMA1_CH2_IRQHandler
                0x08000364                RTC_WKUP_IRQHandler
                0x08000364                PVD_PVM_IRQHandler
                0x08000364                SPI2_IRQHandler
                0x08000364                DMA1_CH1_IRQHandler
                0x08000364                MemManage_Handler
                0x08000364                CAN1_TX_IRQHandler
                0x08000364                SVC_Handler
                0x08000364                EXTI4_IRQHandler
                0x08000364                RNG_IRQHandler
                0x08000364                TIM1_TRG_COM_TIM17_IRQHandler
                0x08000364                COMP_IRQHandler
                0x08000364                WWDG_IRQHandler
                0x08000364                LPUART1_IRQHandler
                0x08000364                TIM2_IRQHandler
                0x08000364                EXTI1_IRQHandler
                0x08000364                AES_IRQHandler
                0x08000364                USART2_IRQHandler
                0x08000364                DFSDM1_FLT0_IRQHandler
                0x08000364                I2C2_ER_IRQHandler
                0x08000364                TIM8_BRK_IRQHandler
                0x08000364                CAN1_SCE_IRQHandler
                0x08000364                FLASH_IRQHandler
                0x08000364                BusFault_Handler
                0x08000364                USART1_IRQHandler
                0x08000364                OTG_FS_IRQHandler
                0x08000364                SPI3_IRQHandler
                0x08000364                DMA2_CH6_IRQHandler
                0x08000364                DMA2_CH3_IRQHandler
                0x08000364                DMA2_CH2_IRQHandler
                0x08000364                I2C1_ER_IRQHandler
                0x08000364                FMC_IRQHandler
                0x08000364                DMA1_CH5_IRQHandler
                0x08000364                DMA2_CH4_IRQHandler
                0x08000364                SWPMI1_IRQHandler
                0x08000364                LPTIM1_IRQHandler
                0x08000364                SAI1_IRQHandler
                0x08000364                TIM1_BRK_TIM15_IRQHandler
 *fill*         0x08000366        0x2 
 .text.GPIO_PCLK
                0x08000368      0x19c ./drivers/Src/stm32l476xx_gpio_driver.o
                0x08000368                GPIO_PCLK
 .text.GPIO_Init
                0x08000504      0x370 ./drivers/Src/stm32l476xx_gpio_driver.o
                0x08000504                GPIO_Init
 .text.GPIO_IRQInterruptConfig
                0x08000874      0x10c ./drivers/Src/stm32l476xx_gpio_driver.o
                0x08000874                GPIO_IRQInterruptConfig
 .text.GPIO_IRQHandle
                0x08000980       0x40 ./drivers/Src/stm32l476xx_gpio_driver.o
                0x08000980                GPIO_IRQHandle
 .text.SPI_PCLK
                0x080009c0       0xb0 ./drivers/Src/stm32l476xx_spi_driver.o
                0x080009c0                SPI_PCLK
 .text.SPI_Init
                0x08000a70      0x1ac ./drivers/Src/stm32l476xx_spi_driver.o
                0x08000a70                SPI_Init
 .text.SPI_SendData
                0x08000c1c       0xa0 ./drivers/Src/stm32l476xx_spi_driver.o
                0x08000c1c                SPI_SendData
 .text.SPI_Enable
                0x08000cbc       0x36 ./drivers/Src/stm32l476xx_spi_driver.o
                0x08000cbc                SPI_Enable
 .text.SPI_SSIConfig
                0x08000cf2       0x36 ./drivers/Src/stm32l476xx_spi_driver.o
                0x08000cf2                SPI_SSIConfig
 .text.SPI_SSOEConfig
                0x08000d28       0x36 ./drivers/Src/stm32l476xx_spi_driver.o
                0x08000d28                SPI_SSOEConfig
 *fill*         0x08000d5e        0x2 
 .text.__libc_init_array
                0x08000d60       0x48 C:/STM32CubeIDE_1.15.1/STM32CubeIDE/plugins/com.st.stm32cube.ide.mcu.externaltools.gnu-tools-for-stm32.12.3.rel1.win32_1.0.100.202403111256/tools/bin/../lib/gcc/arm-none-eabi/12.3.1/../../../../arm-none-eabi/lib/thumb/v7e-m+fp/hard\libc_nano.a(libc_a-init.o)
                0x08000d60                __libc_init_array
 *(.glue_7)
 .glue_7        0x08000da8        0x0 linker stubs
 *(.glue_7t)
 .glue_7t       0x08000da8        0x0 linker stubs
 *(.eh_frame)
 .eh_frame      0x08000da8        0x0 C:/STM32CubeIDE_1.15.1/STM32CubeIDE/plugins/com.st.stm32cube.ide.mcu.externaltools.gnu-tools-for-stm32.12.3.rel1.win32_1.0.100.202403111256/tools/bin/../lib/gcc/arm-none-eabi/12.3.1/thumb/v7e-m+fp/hard/crtbegin.o
 *(.init)
 .init          0x08000da8        0x4 C:/STM32CubeIDE_1.15.1/STM32CubeIDE/plugins/com.st.stm32cube.ide.mcu.externaltools.gnu-tools-for-stm32.12.3.rel1.win32_1.0.100.202403111256/tools/bin/../lib/gcc/arm-none-eabi/12.3.1/thumb/v7e-m+fp/hard/crti.o
                0x08000da8                _init
 .init          0x08000dac        0x8 C:/STM32CubeIDE_1.15.1/STM32CubeIDE/plugins/com.st.stm32cube.ide.mcu.externaltools.gnu-tools-for-stm32.12.3.rel1.win32_1.0.100.202403111256/tools/bin/../lib/gcc/arm-none-eabi/12.3.1/thumb/v7e-m+fp/hard/crtn.o
 *(.fini)
 .fini          0x08000db4        0x4 C:/STM32CubeIDE_1.15.1/STM32CubeIDE/plugins/com.st.stm32cube.ide.mcu.externaltools.gnu-tools-for-stm32.12.3.rel1.win32_1.0.100.202403111256/tools/bin/../lib/gcc/arm-none-eabi/12.3.1/thumb/v7e-m+fp/hard/crti.o
                0x08000db4                _fini
 .fini          0x08000db8        0x8 C:/STM32CubeIDE_1.15.1/STM32CubeIDE/plugins/com.st.stm32cube.ide.mcu.externaltools.gnu-tools-for-stm32.12.3.rel1.win32_1.0.100.202403111256/tools/bin/../lib/gcc/arm-none-eabi/12.3.1/thumb/v7e-m+fp/hard/crtn.o
                0x08000dc0                        . = ALIGN (0x4)
                0x08000dc0                        _etext = .

.vfp11_veneer   0x08000dc0        0x0
 .vfp11_veneer  0x08000dc0        0x0 linker stubs

.v4_bx          0x08000dc0        0x0
 .v4_bx         0x08000dc0        0x0 linker stubs

.iplt           0x08000dc0        0x0
 .iplt          0x08000dc0        0x0 C:/STM32CubeIDE_1.15.1/STM32CubeIDE/plugins/com.st.stm32cube.ide.mcu.externaltools.gnu-tools-for-stm32.12.3.rel1.win32_1.0.100.202403111256/tools/bin/../lib/gcc/arm-none-eabi/12.3.1/thumb/v7e-m+fp/hard/crtbegin.o

.rodata         0x08000dc0       0x24
                0x08000dc0                        . = ALIGN (0x4)
 *(.rodata)
 .rodata        0x08000dc0       0x24 ./Src/spi_arduino.o
 *(.rodata*)
                0x08000de4                        . = ALIGN (0x4)

.ARM.extab      0x08000de4        0x0
                0x08000de4                        . = ALIGN (0x4)
 *(.ARM.extab* .gnu.linkonce.armextab.*)
                0x08000de4                        . = ALIGN (0x4)

.ARM            0x08000de4        0x8
                0x08000de4                        . = ALIGN (0x4)
                0x08000de4                        __exidx_start = .
 *(.ARM.exidx*)
 .ARM.exidx     0x08000de4        0x8 C:/STM32CubeIDE_1.15.1/STM32CubeIDE/plugins/com.st.stm32cube.ide.mcu.externaltools.gnu-tools-for-stm32.12.3.rel1.win32_1.0.100.202403111256/tools/bin/../lib/gcc/arm-none-eabi/12.3.1/../../../../arm-none-eabi/lib/thumb/v7e-m+fp/hard\libc_nano.a(libc_a-strlen.o)
                0x08000dec                        __exidx_end = .
                0x08000dec                        . = ALIGN (0x4)

.preinit_array  0x08000dec        0x0
                0x08000dec                        . = ALIGN (0x4)
                0x08000dec                        PROVIDE (__preinit_array_start = .)
 *(.preinit_array*)
                0x08000dec                        PROVIDE (__preinit_array_end = .)
                0x08000dec                        . = ALIGN (0x4)

.init_array     0x08000dec        0x4
                0x08000dec                        . = ALIGN (0x4)
                0x08000dec                        PROVIDE (__init_array_start = .)
 *(SORT_BY_NAME(.init_array.*))
 *(.init_array*)
 .init_array    0x08000dec        0x4 C:/STM32CubeIDE_1.15.1/STM32CubeIDE/plugins/com.st.stm32cube.ide.mcu.externaltools.gnu-tools-for-stm32.12.3.rel1.win32_1.0.100.202403111256/tools/bin/../lib/gcc/arm-none-eabi/12.3.1/thumb/v7e-m+fp/hard/crtbegin.o
                0x08000df0                        PROVIDE (__init_array_end = .)
                0x08000df0                        . = ALIGN (0x4)

.fini_array     0x08000df0        0x4
                0x08000df0                        . = ALIGN (0x4)
                [!provide]                        PROVIDE (__fini_array_start = .)
 *(SORT_BY_NAME(.fini_array.*))
 *(.fini_array*)
 .fini_array    0x08000df0        0x4 C:/STM32CubeIDE_1.15.1/STM32CubeIDE/plugins/com.st.stm32cube.ide.mcu.externaltools.gnu-tools-for-stm32.12.3.rel1.win32_1.0.100.202403111256/tools/bin/../lib/gcc/arm-none-eabi/12.3.1/thumb/v7e-m+fp/hard/crtbegin.o
                [!provide]                        PROVIDE (__fini_array_end = .)
                0x08000df4                        . = ALIGN (0x4)
                0x08000df4                        _sidata = LOADADDR (.data)

.rel.dyn        0x08000df4        0x0
 .rel.iplt      0x08000df4        0x0 C:/STM32CubeIDE_1.15.1/STM32CubeIDE/plugins/com.st.stm32cube.ide.mcu.externaltools.gnu-tools-for-stm32.12.3.rel1.win32_1.0.100.202403111256/tools/bin/../lib/gcc/arm-none-eabi/12.3.1/thumb/v7e-m+fp/hard/crtbegin.o

.data           0x20000000        0x0 load address 0x08000df4
                0x20000000                        . = ALIGN (0x4)
                0x20000000                        _sdata = .
 *(.data)
 *(.data*)
 *(.RamFunc)
 *(.RamFunc*)
                0x20000000                        . = ALIGN (0x4)
                0x20000000                        _edata = .
                0x08000df4                        _sisram2 = LOADADDR (.sram2)

.igot.plt       0x20000000        0x0 load address 0x08000df4
 .igot.plt      0x20000000        0x0 C:/STM32CubeIDE_1.15.1/STM32CubeIDE/plugins/com.st.stm32cube.ide.mcu.externaltools.gnu-tools-for-stm32.12.3.rel1.win32_1.0.100.202403111256/tools/bin/../lib/gcc/arm-none-eabi/12.3.1/thumb/v7e-m+fp/hard/crtbegin.o

.sram2          0x10000000        0x0 load address 0x08000df4
                0x10000000                        . = ALIGN (0x4)
                0x10000000                        _ssram2 = .
 *(.sram2)
 *(.sram2*)
                0x10000000                        . = ALIGN (0x4)
                0x10000000                        _esram2 = .
                0x10000000                        . = ALIGN (0x4)

.bss            0x20000000       0x20
                0x20000000                        _sbss = .
                0x20000000                        __bss_start__ = _sbss
 *(.bss)
 .bss           0x20000000       0x1c C:/STM32CubeIDE_1.15.1/STM32CubeIDE/plugins/com.st.stm32cube.ide.mcu.externaltools.gnu-tools-for-stm32.12.3.rel1.win32_1.0.100.202403111256/tools/bin/../lib/gcc/arm-none-eabi/12.3.1/thumb/v7e-m+fp/hard/crtbegin.o
 *(.bss*)
 .bss.is_trigger
                0x2000001c        0x1 ./Src/spi_arduino.o
                0x2000001c                is_trigger
 *(COMMON)
                0x20000020                        . = ALIGN (0x4)
 *fill*         0x2000001d        0x3 
                0x20000020                        _ebss = .
                0x20000020                        __bss_end__ = _ebss

._user_heap_stack
                0x20000020      0x600
                0x20000020                        . = ALIGN (0x8)
                [!provide]                        PROVIDE (end = .)
                0x20000020                        PROVIDE (_end = .)
                0x20000220                        . = (. + _Min_Heap_Size)
 *fill*         0x20000020      0x200 
                0x20000620                        . = (. + _Min_Stack_Size)
 *fill*         0x20000220      0x400 
                0x20000620                        . = ALIGN (0x8)

/DISCARD/
 libc.a(*)
 libm.a(*)
 libgcc.a(*)

.ARM.attributes
                0x00000000       0x30
 *(.ARM.attributes)
 .ARM.attributes
                0x00000000       0x22 C:/STM32CubeIDE_1.15.1/STM32CubeIDE/plugins/com.st.stm32cube.ide.mcu.externaltools.gnu-tools-for-stm32.12.3.rel1.win32_1.0.100.202403111256/tools/bin/../lib/gcc/arm-none-eabi/12.3.1/thumb/v7e-m+fp/hard/crti.o
 .ARM.attributes
                0x00000022       0x34 C:/STM32CubeIDE_1.15.1/STM32CubeIDE/plugins/com.st.stm32cube.ide.mcu.externaltools.gnu-tools-for-stm32.12.3.rel1.win32_1.0.100.202403111256/tools/bin/../lib/gcc/arm-none-eabi/12.3.1/thumb/v7e-m+fp/hard/crtbegin.o
 .ARM.attributes
                0x00000056       0x34 ./Src/spi_arduino.o
 .ARM.attributes
                0x0000008a       0x21 ./Startup/startup_stm32l476rgtx.o
 .ARM.attributes
                0x000000ab       0x34 ./drivers/Src/stm32l476xx_gpio_driver.o
 .ARM.attributes
                0x000000df       0x34 ./drivers/Src/stm32l476xx_spi_driver.o
 .ARM.attributes
                0x00000113       0x34 C:/STM32CubeIDE_1.15.1/STM32CubeIDE/plugins/com.st.stm32cube.ide.mcu.externaltools.gnu-tools-for-stm32.12.3.rel1.win32_1.0.100.202403111256/tools/bin/../lib/gcc/arm-none-eabi/12.3.1/../../../../arm-none-eabi/lib/thumb/v7e-m+fp/hard\libc_nano.a(libc_a-init.o)
 .ARM.attributes
                0x00000147       0x17 C:/STM32CubeIDE_1.15.1/STM32CubeIDE/plugins/com.st.stm32cube.ide.mcu.externaltools.gnu-tools-for-stm32.12.3.rel1.win32_1.0.100.202403111256/tools/bin/../lib/gcc/arm-none-eabi/12.3.1/../../../../arm-none-eabi/lib/thumb/v7e-m+fp/hard\libc_nano.a(libc_a-strlen.o)
 .ARM.attributes
                0x0000015e       0x22 C:/STM32CubeIDE_1.15.1/STM32CubeIDE/plugins/com.st.stm32cube.ide.mcu.externaltools.gnu-tools-for-stm32.12.3.rel1.win32_1.0.100.202403111256/tools/bin/../lib/gcc/arm-none-eabi/12.3.1/thumb/v7e-m+fp/hard/crtn.o
OUTPUT(stm32l4xx_drivers.elf elf32-littlearm)
LOAD linker stubs
LOAD C:/STM32CubeIDE_1.15.1/STM32CubeIDE/plugins/com.st.stm32cube.ide.mcu.externaltools.gnu-tools-for-stm32.12.3.rel1.win32_1.0.100.202403111256/tools/bin/../lib/gcc/arm-none-eabi/12.3.1/../../../../arm-none-eabi/lib/thumb/v7e-m+fp/hard\libc.a
LOAD C:/STM32CubeIDE_1.15.1/STM32CubeIDE/plugins/com.st.stm32cube.ide.mcu.externaltools.gnu-tools-for-stm32.12.3.rel1.win32_1.0.100.202403111256/tools/bin/../lib/gcc/arm-none-eabi/12.3.1/../../../../arm-none-eabi/lib/thumb/v7e-m+fp/hard\libm.a
LOAD C:/STM32CubeIDE_1.15.1/STM32CubeIDE/plugins/com.st.stm32cube.ide.mcu.externaltools.gnu-tools-for-stm32.12.3.rel1.win32_1.0.100.202403111256/tools/bin/../lib/gcc/arm-none-eabi/12.3.1/thumb/v7e-m+fp/hard\libgcc.a

.debug_info     0x00000000     0x13e2
 .debug_info    0x00000000      0x4d3 ./Src/spi_arduino.o
 .debug_info    0x000004d3       0x30 ./Startup/startup_stm32l476rgtx.o
 .debug_info    0x00000503      0x86f ./drivers/Src/stm32l476xx_gpio_driver.o
 .debug_info    0x00000d72      0x670 ./drivers/Src/stm32l476xx_spi_driver.o

.debug_abbrev   0x00000000      0x402
 .debug_abbrev  0x00000000      0x185 ./Src/spi_arduino.o
 .debug_abbrev  0x00000185       0x24 ./Startup/startup_stm32l476rgtx.o
 .debug_abbrev  0x000001a9      0x12e ./drivers/Src/stm32l476xx_gpio_driver.o
 .debug_abbrev  0x000002d7      0x12b ./drivers/Src/stm32l476xx_spi_driver.o

.debug_aranges  0x00000000      0x150
 .debug_aranges
                0x00000000       0x40 ./Src/spi_arduino.o
 .debug_aranges
                0x00000040       0x28 ./Startup/startup_stm32l476rgtx.o
 .debug_aranges
                0x00000068       0x70 ./drivers/Src/stm32l476xx_gpio_driver.o
 .debug_aranges
                0x000000d8       0x78 ./drivers/Src/stm32l476xx_spi_driver.o

.debug_rnglists
                0x00000000       0xf2
 .debug_rnglists
                0x00000000       0x2d ./Src/spi_arduino.o
 .debug_rnglists
                0x0000002d       0x19 ./Startup/startup_stm32l476rgtx.o
 .debug_rnglists
                0x00000046       0x53 ./drivers/Src/stm32l476xx_gpio_driver.o
 .debug_rnglists
                0x00000099       0x59 ./drivers/Src/stm32l476xx_spi_driver.o

.debug_macro    0x00000000     0x24ad
 .debug_macro   0x00000000      0x15b ./Src/spi_arduino.o
 .debug_macro   0x0000015b      0xac0 ./Src/spi_arduino.o
 .debug_macro   0x00000c1b       0x22 ./Src/spi_arduino.o
 .debug_macro   0x00000c3d       0x8e ./Src/spi_arduino.o
 .debug_macro   0x00000ccb       0x51 ./Src/spi_arduino.o
 .debug_macro   0x00000d1c      0x103 ./Src/spi_arduino.o
 .debug_macro   0x00000e1f       0x6a ./Src/spi_arduino.o
 .debug_macro   0x00000e89      0x1df ./Src/spi_arduino.o
 .debug_macro   0x00001068       0x61 ./Src/spi_arduino.o
 .debug_macro   0x000010c9       0x2a ./Src/spi_arduino.o
 .debug_macro   0x000010f3       0x43 ./Src/spi_arduino.o
 .debug_macro   0x00001136       0x34 ./Src/spi_arduino.o
 .debug_macro   0x0000116a      0x189 ./Src/spi_arduino.o
 .debug_macro   0x000012f3       0x16 ./Src/spi_arduino.o
 .debug_macro   0x00001309       0x43 ./Src/spi_arduino.o
 .debug_macro   0x0000134c       0x34 ./Src/spi_arduino.o
 .debug_macro   0x00001380       0x10 ./Src/spi_arduino.o
 .debug_macro   0x00001390       0x58 ./Src/spi_arduino.o
 .debug_macro   0x000013e8       0x8e ./Src/spi_arduino.o
 .debug_macro   0x00001476       0x1c ./Src/spi_arduino.o
 .debug_macro   0x00001492      0x177 ./Src/spi_arduino.o
 .debug_macro   0x00001609      0x369 ./Src/spi_arduino.o
 .debug_macro   0x00001972       0x10 ./Src/spi_arduino.o
 .debug_macro   0x00001982       0x35 ./Src/spi_arduino.o
 .debug_macro   0x000019b7       0x20 ./Src/spi_arduino.o
 .debug_macro   0x000019d7      0x3e2 ./Src/spi_arduino.o
 .debug_macro   0x00001db9       0xe8 ./Src/spi_arduino.o
 .debug_macro   0x00001ea1       0x9a ./Src/spi_arduino.o
 .debug_macro   0x00001f3b       0x81 ./drivers/Src/stm32l476xx_gpio_driver.o
 .debug_macro   0x00001fbc      0x3dc ./drivers/Src/stm32l476xx_gpio_driver.o
 .debug_macro   0x00002398       0x81 ./drivers/Src/stm32l476xx_spi_driver.o
 .debug_macro   0x00002419       0x94 ./drivers/Src/stm32l476xx_spi_driver.o

.debug_line     0x00000000     0x18bd
 .debug_line    0x00000000      0x6c1 ./Src/spi_arduino.o
 .debug_line    0x000006c1       0x7b ./Startup/startup_stm32l476rgtx.o
 .debug_line    0x0000073c      0x9fd ./drivers/Src/stm32l476xx_gpio_driver.o
 .debug_line    0x00001139      0x784 ./drivers/Src/stm32l476xx_spi_driver.o

.debug_str      0x00000000     0x9191
 .debug_str     0x00000000     0x8d3e ./Src/spi_arduino.o
                               0x8f38 (size before relaxing)
 .debug_str     0x00008d3e       0x3f ./Startup/startup_stm32l476rgtx.o
                                 0x68 (size before relaxing)
 .debug_str     0x00008d7d      0x327 ./drivers/Src/stm32l476xx_gpio_driver.o
                               0x5a3e (size before relaxing)
 .debug_str     0x000090a4       0xed ./drivers/Src/stm32l476xx_spi_driver.o
                               0x58e9 (size before relaxing)

.comment        0x00000000       0x43
 .comment       0x00000000       0x43 ./Src/spi_arduino.o
                                 0x44 (size before relaxing)
 .comment       0x00000043       0x44 ./drivers/Src/stm32l476xx_gpio_driver.o
 .comment       0x00000043       0x44 ./drivers/Src/stm32l476xx_spi_driver.o

.debug_frame    0x00000000      0x494
 .debug_frame   0x00000000       0xb4 ./Src/spi_arduino.o
 .debug_frame   0x000000b4      0x1c8 ./drivers/Src/stm32l476xx_gpio_driver.o
 .debug_frame   0x0000027c      0x1ec ./drivers/Src/stm32l476xx_spi_driver.o
 .debug_frame   0x00000468       0x2c C:/STM32CubeIDE_1.15.1/STM32CubeIDE/plugins/com.st.stm32cube.ide.mcu.externaltools.gnu-tools-for-stm32.12.3.rel1.win32_1.0.100.202403111256/tools/bin/../lib/gcc/arm-none-eabi/12.3.1/../../../../arm-none-eabi/lib/thumb/v7e-m+fp/hard\libc_nano.a(libc_a-init.o)

.debug_line_str
                0x00000000       0x4c
 .debug_line_str
                0x00000000       0x4c ./Startup/startup_stm32l476rgtx.o
