../drivers/Src/stm32l476xx_spi_driver.c:3:6:SPI_PCLK	16	static
../drivers/Src/stm32l476xx_spi_driver.c:23:6:SPI_Init	24	static
../drivers/Src/stm32l476xx_spi_driver.c:100:6:SPI_DeInit	16	static
../drivers/Src/stm32l476xx_spi_driver.c:110:9:SPI_GetFlagStatus	16	static
../drivers/Src/stm32l476xx_spi_driver.c:118:6:SPI_SendData	32	static
../drivers/Src/stm32l476xx_spi_driver.c:146:6:SPI_ReceiveData	32	static
../drivers/Src/stm32l476xx_spi_driver.c:165:6:SPI_IRQInterruptConfig	16	static
../drivers/Src/stm32l476xx_spi_driver.c:191:6:SPI_IRQPriorityConfig	24	static
../drivers/Src/stm32l476xx_spi_driver.c:201:6:SPI_Enable	16	static
../drivers/Src/stm32l476xx_spi_driver.c:213:6:SPI_SSIConfig	16	static
../drivers/Src/stm32l476xx_spi_driver.c:222:6:SPI_SSOEConfig	16	static
../drivers/Src/stm32l476xx_spi_driver.c:231:9:SPI_SendDataIT	24	static
../drivers/Src/stm32l476xx_spi_driver.c:247:9:SPI_ReceiveDataIT	24	static
../drivers/Src/stm32l476xx_spi_driver.c:263:13:spi_txe_it_handler	24	static
../drivers/Src/stm32l476xx_spi_driver.c:288:13:spi_rxe_it_handler	24	static
../drivers/Src/stm32l476xx_spi_driver.c:308:13:spi_err_it_handler	16	static
../drivers/Src/stm32l476xx_spi_driver.c:316:6:SPI_IRQHandle	24	static
../drivers/Src/stm32l476xx_spi_driver.c:339:6:SPI_ClearOVR	24	static
../drivers/Src/stm32l476xx_spi_driver.c:346:6:SPI_CloseTransmission	16	static
../drivers/Src/stm32l476xx_spi_driver.c:353:6:SPI_CloseReception	16	static
../drivers/Src/stm32l476xx_spi_driver.c:360:28:SPI_AppEventCallback	16	static
