../drivers/Src/stm32l4xx_i2c_driver.c:3:6:I2C_PCLK	16	static
../drivers/Src/stm32l4xx_i2c_driver.c:14:6:I2C_Init	48	static
../drivers/Src/stm32l4xx_i2c_driver.c:84:6:I2C_DeInit	16	static
../drivers/Src/stm32l4xx_i2c_driver.c:94:6:I2C_MasterWrite	24	static
../drivers/Src/stm32l4xx_i2c_driver.c:152:6:I2C_MasterRead	24	static
../drivers/Src/stm32l4xx_i2c_driver.c:204:9:I2C_MasterWriteIT	24	static
../drivers/Src/stm32l4xx_i2c_driver.c:255:9:I2C_MasterReadIT	24	static
../drivers/Src/stm32l4xx_i2c_driver.c:307:6:I2C_Enable	16	static
../drivers/Src/stm32l4xx_i2c_driver.c:315:6:I2C_IRQInterruptConfig	16	static
../drivers/Src/stm32l4xx_i2c_driver.c:341:6:I2C_IRQPriorityConfig	24	static
../drivers/Src/stm32l4xx_i2c_driver.c:351:6:I2C_EV_IRQ_Handle	24	static
../drivers/Src/stm32l4xx_i2c_driver.c:429:6:I2C_ER_IRQ_Handle	16	static
../drivers/Src/stm32l4xx_i2c_driver.c:433:28:I2C_AppEventCallback	16	static
../drivers/Src/stm32l4xx_i2c_driver.c:435:6:I2C_SlaveWrite	16	static
../drivers/Src/stm32l4xx_i2c_driver.c:439:9:I2C_SlaverRead	16	static
